[cell 01 stream stdout]
# of trainset = 8000
# of trainloader = 200
input size: torch.Size([1, 64, 64]), 2

[cell 03 stream stderr]
  2%|▉                                           | 1/50 [00:12<10:04, 12.33s/it]
[cell 03 stream stdout]
Epoch [1/50] - Loss: 1.344921, Accuracy: 0.3485

[cell 03 stream stderr]
  4%|█▊                                          | 2/50 [00:24<09:51, 12.33s/it]
[cell 03 stream stdout]
Epoch [2/50] - Loss: 1.226658, Accuracy: 0.4273

[cell 03 stream stderr]
  6%|██▋                                         | 3/50 [00:37<09:39, 12.34s/it]
[cell 03 stream stdout]
Epoch [3/50] - Loss: 1.183244, Accuracy: 0.4450

[cell 03 stream stderr]
  8%|███▌                                        | 4/50 [00:49<09:27, 12.35s/it]
[cell 03 stream stdout]
Epoch [4/50] - Loss: 1.141571, Accuracy: 0.4670

[cell 03 stream stderr]
 10%|████▍                                       | 5/50 [01:01<09:15, 12.35s/it]
[cell 03 stream stdout]
Epoch [5/50] - Loss: 1.094477, Accuracy: 0.5012

[cell 03 stream stderr]
 12%|█████▎                                      | 6/50 [01:14<09:03, 12.35s/it]
[cell 03 stream stdout]
Epoch [6/50] - Loss: 1.069667, Accuracy: 0.5102

[cell 03 stream stderr]
 14%|██████▏                                     | 7/50 [01:26<08:51, 12.36s/it]
[cell 03 stream stdout]
Epoch [7/50] - Loss: 1.038933, Accuracy: 0.5205

[cell 03 stream stderr]
 16%|███████                                     | 8/50 [01:38<08:39, 12.37s/it]
[cell 03 stream stdout]
Epoch [8/50] - Loss: 1.008266, Accuracy: 0.5441

[cell 03 stream stderr]
 18%|███████▉                                    | 9/50 [01:51<08:27, 12.37s/it]
[cell 03 stream stdout]
Epoch [9/50] - Loss: 0.976088, Accuracy: 0.5630

[cell 03 stream stderr]
 20%|████████▌                                  | 10/50 [02:03<08:15, 12.40s/it]
[cell 03 stream stdout]
Epoch [10/50] - Loss: 0.943958, Accuracy: 0.5753
✅ Saved checkpoint: ./checkpoints5/prob2_1_1_weight10.pth

[cell 03 stream stderr]
 22%|█████████▍                                 | 11/50 [02:16<08:03, 12.39s/it]
[cell 03 stream stdout]
Epoch [11/50] - Loss: 0.906243, Accuracy: 0.5897

[cell 03 stream stderr]
 24%|██████████▎                                | 12/50 [02:28<07:51, 12.41s/it]
[cell 03 stream stdout]
Epoch [12/50] - Loss: 0.880751, Accuracy: 0.5992

[cell 03 stream stderr]
 26%|███████████▏                               | 13/50 [02:40<07:38, 12.40s/it]
[cell 03 stream stdout]
Epoch [13/50] - Loss: 0.838882, Accuracy: 0.6211

[cell 03 stream stderr]
 28%|████████████                               | 14/50 [02:53<07:26, 12.40s/it]
[cell 03 stream stdout]
Epoch [14/50] - Loss: 0.770526, Accuracy: 0.6522

[cell 03 stream stderr]
 30%|████████████▉                              | 15/50 [03:05<07:13, 12.40s/it]
[cell 03 stream stdout]
Epoch [15/50] - Loss: 0.757020, Accuracy: 0.6545

[cell 03 stream stderr]
 32%|█████████████▊                             | 16/50 [03:18<07:01, 12.40s/it]
[cell 03 stream stdout]
Epoch [16/50] - Loss: 0.700477, Accuracy: 0.6825

[cell 03 stream stderr]
 34%|██████████████▌                            | 17/50 [03:30<06:48, 12.39s/it]
[cell 03 stream stdout]
Epoch [17/50] - Loss: 0.673663, Accuracy: 0.6884

[cell 03 stream stderr]
 36%|███████████████▍                           | 18/50 [03:42<06:36, 12.39s/it]
[cell 03 stream stdout]
Epoch [18/50] - Loss: 0.641477, Accuracy: 0.7025

[cell 03 stream stderr]
 38%|████████████████▎                          | 19/50 [03:55<06:24, 12.39s/it]
[cell 03 stream stdout]
Epoch [19/50] - Loss: 0.633475, Accuracy: 0.7101

[cell 03 stream stderr]
 40%|█████████████████▏                         | 20/50 [04:07<06:12, 12.40s/it]
[cell 03 stream stdout]
Epoch [20/50] - Loss: 0.608920, Accuracy: 0.7202
✅ Saved checkpoint: ./checkpoints5/prob2_1_1_weight20.pth

[cell 03 stream stderr]
 42%|██████████████████                         | 21/50 [04:20<05:59, 12.40s/it]
[cell 03 stream stdout]
Epoch [21/50] - Loss: 0.574650, Accuracy: 0.7248

[cell 03 stream stderr]
 44%|██████████████████▉                        | 22/50 [04:32<05:47, 12.39s/it]
[cell 03 stream stdout]
Epoch [22/50] - Loss: 0.559473, Accuracy: 0.7314

[cell 03 stream stderr]
 46%|███████████████████▊                       | 23/50 [04:44<05:34, 12.39s/it]
[cell 03 stream stdout]
Epoch [23/50] - Loss: 0.532649, Accuracy: 0.7428

[cell 03 stream stderr]
 48%|████████████████████▋                      | 24/50 [04:57<05:22, 12.39s/it]
[cell 03 stream stdout]
Epoch [24/50] - Loss: 0.520611, Accuracy: 0.7460

[cell 03 stream stderr]
 50%|█████████████████████▌                     | 25/50 [05:09<05:09, 12.39s/it]
[cell 03 stream stdout]
Epoch [25/50] - Loss: 0.525283, Accuracy: 0.7500

[cell 03 stream stderr]
 52%|██████████████████████▎                    | 26/50 [05:21<04:57, 12.39s/it]
[cell 03 stream stdout]
Epoch [26/50] - Loss: 0.501093, Accuracy: 0.7556

[cell 03 stream stderr]
 54%|███████████████████████▏                   | 27/50 [05:34<04:44, 12.39s/it]
[cell 03 stream stdout]
Epoch [27/50] - Loss: 0.509716, Accuracy: 0.7514

[cell 03 stream stderr]
 56%|████████████████████████                   | 28/50 [05:46<04:32, 12.39s/it]
[cell 03 stream stdout]
Epoch [28/50] - Loss: 0.481171, Accuracy: 0.7622

[cell 03 stream stderr]
 58%|████████████████████████▉                  | 29/50 [05:59<04:20, 12.40s/it]
[cell 03 stream stdout]
Epoch [29/50] - Loss: 0.494764, Accuracy: 0.7558

[cell 03 stream stderr]
 60%|█████████████████████████▊                 | 30/50 [06:11<04:08, 12.41s/it]
[cell 03 stream stdout]
Epoch [30/50] - Loss: 0.471246, Accuracy: 0.7665
✅ Saved checkpoint: ./checkpoints5/prob2_1_1_weight30.pth

[cell 03 stream stderr]
 62%|██████████████████████████▋                | 31/50 [06:24<03:55, 12.41s/it]
[cell 03 stream stdout]
Epoch [31/50] - Loss: 0.466287, Accuracy: 0.7712

[cell 03 stream stderr]
 64%|███████████████████████████▌               | 32/50 [06:36<03:43, 12.41s/it]
[cell 03 stream stdout]
Epoch [32/50] - Loss: 0.460505, Accuracy: 0.7690

[cell 03 stream stderr]
 66%|████████████████████████████▍              | 33/50 [06:48<03:30, 12.40s/it]
[cell 03 stream stdout]
Epoch [33/50] - Loss: 0.467485, Accuracy: 0.7694

[cell 03 stream stderr]
 68%|█████████████████████████████▏             | 34/50 [07:01<03:18, 12.40s/it]
[cell 03 stream stdout]
Epoch [34/50] - Loss: 0.476992, Accuracy: 0.7660

[cell 03 stream stderr]
 70%|██████████████████████████████             | 35/50 [07:13<03:05, 12.40s/it]
[cell 03 stream stdout]
Epoch [35/50] - Loss: 0.446412, Accuracy: 0.7811

[cell 03 stream stderr]
 72%|██████████████████████████████▉            | 36/50 [07:26<02:53, 12.40s/it]
[cell 03 stream stdout]
Epoch [36/50] - Loss: 0.454441, Accuracy: 0.7736

[cell 03 stream stderr]
 74%|███████████████████████████████▊           | 37/50 [07:38<02:41, 12.40s/it]
[cell 03 stream stdout]
Epoch [37/50] - Loss: 0.454442, Accuracy: 0.7708

[cell 03 stream stderr]
 76%|████████████████████████████████▋          | 38/50 [07:50<02:28, 12.40s/it]
[cell 03 stream stdout]
Epoch [38/50] - Loss: 0.438497, Accuracy: 0.7786

[cell 03 stream stderr]
 78%|█████████████████████████████████▌         | 39/50 [08:03<02:16, 12.40s/it]
[cell 03 stream stdout]
Epoch [39/50] - Loss: 0.436431, Accuracy: 0.7845

[cell 03 stream stderr]
 80%|██████████████████████████████████▍        | 40/50 [08:15<02:04, 12.41s/it]
[cell 03 stream stdout]
Epoch [40/50] - Loss: 0.433079, Accuracy: 0.7808
✅ Saved checkpoint: ./checkpoints5/prob2_1_1_weight40.pth

[cell 03 stream stderr]
 82%|███████████████████████████████████▎       | 41/50 [08:28<01:51, 12.41s/it]
[cell 03 stream stdout]
Epoch [41/50] - Loss: 0.456030, Accuracy: 0.7736

[cell 03 stream stderr]
 84%|████████████████████████████████████       | 42/50 [08:40<01:39, 12.40s/it]
[cell 03 stream stdout]
Epoch [42/50] - Loss: 0.445081, Accuracy: 0.7785

[cell 03 stream stderr]
 86%|████████████████████████████████████▉      | 43/50 [08:52<01:26, 12.39s/it]
[cell 03 stream stdout]
Epoch [43/50] - Loss: 0.433301, Accuracy: 0.7819

[cell 03 stream stderr]
 88%|█████████████████████████████████████▊     | 44/50 [09:05<01:14, 12.39s/it]
[cell 03 stream stdout]
Epoch [44/50] - Loss: 0.426046, Accuracy: 0.7869

[cell 03 stream stderr]
 90%|██████████████████████████████████████▋    | 45/50 [09:17<01:01, 12.39s/it]
[cell 03 stream stdout]
Epoch [45/50] - Loss: 0.438446, Accuracy: 0.7739

[cell 03 stream stderr]
 92%|███████████████████████████████████████▌   | 46/50 [09:29<00:49, 12.38s/it]
[cell 03 stream stdout]
Epoch [46/50] - Loss: 0.420820, Accuracy: 0.7880

[cell 03 stream stderr]
 94%|████████████████████████████████████████▍  | 47/50 [09:42<00:37, 12.39s/it]
[cell 03 stream stdout]
Epoch [47/50] - Loss: 0.432667, Accuracy: 0.7779

[cell 03 stream stderr]
 96%|█████████████████████████████████████████▎ | 48/50 [09:54<00:24, 12.41s/it]
[cell 03 stream stdout]
Epoch [48/50] - Loss: 0.437696, Accuracy: 0.7771

[cell 03 stream stderr]
 98%|██████████████████████████████████████████▏| 49/50 [10:07<00:12, 12.41s/it]
[cell 03 stream stdout]
Epoch [49/50] - Loss: 0.416455, Accuracy: 0.7873

[cell 03 stream stderr]
100%|███████████████████████████████████████████| 50/50 [10:19<00:00, 12.39s/it]
[cell 03 stream stdout]
Epoch [50/50] - Loss: 0.402958, Accuracy: 0.7930
✅ Saved checkpoint: ./checkpoints5/prob2_1_1_weight50.pth

[cell 03 stream stderr]


[cell 04 stream stderr]
100%|███████████████████████████████████████████| 19/19 [00:01<00:00, 18.43it/s]

[cell 04 stream stdout]
test loss : 1.0481 / test_accuracy : 0.5526

[cell 04 stream stderr]
100%|███████████████████████████████████████████| 19/19 [00:00<00:00, 20.76it/s]

[cell 04 stream stdout]
test loss : 1.3435 / test_accuracy : 0.6382

[cell 04 stream stderr]
100%|███████████████████████████████████████████| 19/19 [00:00<00:00, 20.40it/s]

[cell 04 stream stdout]
test loss : 1.6974 / test_accuracy : 0.6566

[cell 04 stream stderr]
100%|███████████████████████████████████████████| 19/19 [00:00<00:00, 20.60it/s]

[cell 04 stream stdout]
test loss : 2.1602 / test_accuracy : 0.6395

[cell 04 stream stderr]
100%|███████████████████████████████████████████| 19/19 [00:00<00:00, 20.05it/s]
[cell 04 stream stdout]
test loss : 2.0119 / test_accuracy : 0.6342

[cell 04 stream stderr]
