[cell 01 stream stderr]
Exception ignored in: <function _MultiProcessingDataLoaderIter.__del__ at 0x74cc785fe980>
Traceback (most recent call last):
  File "/home/dh/venv/lib/python3.12/site-packages/torch/utils/data/dataloader.py", line 1618, in __del__
    self._shutdown_workers()
  File "/home/dh/venv/lib/python3.12/site-packages/torch/utils/data/dataloader.py", line 1582, in _shutdown_workers
    w.join(timeout=_utils.MP_STATUS_CHECK_INTERVAL)
  File "/usr/lib/python3.12/multiprocessing/process.py", line 149, in join
    res = self._popen.wait(timeout)
          ^^^^^^^^^^^^^^^^^^^^^^^^^
  File "/usr/lib/python3.12/multiprocessing/popen_fork.py", line 40, in wait
    if not wait([self.sentinel], timeout):
           ^^^^^^^^^^^^^^^^^^^^^^^^^^^^^^
  File "/usr/lib/python3.12/multiprocessing/connection.py", line 1136, in wait
    ready = selector.select(timeout)
            ^^^^^^^^^^^^^^^^^^^^^^^^
  File "/usr/lib/python3.12/selectors.py", line 415, in select
    fd_event_list = self._selector.poll(timeout)
                    ^^^^^^^^^^^^^^^^^^^^^^^^^^^^
KeyboardInterrupt: 
  0%|                                                    | 0/50 [50:57<?, ?it/s]
