[cell 02 stream stdout]
# of trainset = 8000
# of trainloader = 200
input size: torch.Size([3, 224, 224]), 2

[cell 05 stream stderr]
  2%|▊                                        | 1/50 [02:46<2:15:55, 166.43s/it]
[cell 05 stream stdout]
Epoch [1/50] - Loss: 0.788382, Accuracy: 0.6705

[cell 05 stream stderr]
  4%|█▋                                       | 2/50 [05:33<2:13:20, 166.67s/it]
[cell 05 stream stdout]
Epoch [2/50] - Loss: 0.628096, Accuracy: 0.7485

[cell 05 stream stderr]
  6%|██▍                                      | 3/50 [08:20<2:10:52, 167.08s/it]
[cell 05 stream stdout]
Epoch [3/50] - Loss: 0.544973, Accuracy: 0.7876

[cell 05 stream stderr]
  8%|███▎                                     | 4/50 [11:09<2:08:25, 167.52s/it]
[cell 05 stream stdout]
Epoch [4/50] - Loss: 0.496128, Accuracy: 0.8095

[cell 05 stream stderr]
 10%|████                                     | 5/50 [13:55<2:05:22, 167.17s/it]
[cell 05 stream stdout]
Epoch [5/50] - Loss: 0.437267, Accuracy: 0.8335

[cell 05 stream stderr]
 12%|████▉                                    | 6/50 [16:44<2:03:08, 167.92s/it]
[cell 05 stream stdout]
Epoch [6/50] - Loss: 0.411780, Accuracy: 0.8444

[cell 05 stream stderr]
 14%|█████▋                                   | 7/50 [19:31<2:00:04, 167.55s/it]
[cell 05 stream stdout]
Epoch [7/50] - Loss: 0.362848, Accuracy: 0.8629

[cell 05 stream stderr]
 16%|██████▌                                  | 8/50 [22:17<1:56:56, 167.06s/it]
[cell 05 stream stdout]
Epoch [8/50] - Loss: 0.330923, Accuracy: 0.8829

[cell 05 stream stderr]
 18%|███████▍                                 | 9/50 [25:09<1:55:03, 168.37s/it]
[cell 05 stream stdout]
Epoch [9/50] - Loss: 0.275686, Accuracy: 0.9019

[cell 05 stream stderr]
 20%|████████                                | 10/50 [27:56<1:52:01, 168.04s/it]
[cell 05 stream stdout]
Epoch [10/50] - Loss: 0.250495, Accuracy: 0.9095
Saved checkpoint: ./prob2_3_ours3_weight1/weight10.pth

[cell 05 stream stderr]
 22%|████████▊                               | 11/50 [30:45<1:49:23, 168.30s/it]
[cell 05 stream stdout]
Epoch [11/50] - Loss: 0.229380, Accuracy: 0.9170

[cell 05 stream stderr]
 24%|█████████▌                              | 12/50 [33:30<1:45:55, 167.24s/it]
[cell 05 stream stdout]
Epoch [12/50] - Loss: 0.178485, Accuracy: 0.9336

[cell 05 stream stderr]
 24%|█████████▌                              | 12/50 [34:22<1:48:52, 171.90s/it]
